// Jest Snapshot v1, https://goo.gl/fbAQLP

exports[`InfoElement renders correctly 1`] = `
<div
  className="InfoElement-div-1"
>
  <WithStyles(Tooltip)
    id="1"
    placement="bottom"
    title=""
  >
    <WithStyles(IconButton)
      className="InfoElement-button-4"
      disableRipple={true}
    >
      <WithTheme(AttributeAlarm)
        alarmSeverity={null}
      />
    </WithStyles(IconButton)>
  </WithStyles(Tooltip)>
  <WithStyles(Typography)
    className="InfoElement-textName-2"
  >
    Test element
    : 
  </WithStyles(Typography)>
  <div
    className="InfoElement-controlContainer-3"
  >
    <WithStyles(WidgetTextUpdate)
      Text="testing..."
      noWrap={false}
    />
  </div>
</div>
`;
