// Jest Snapshot v1, https://goo.gl/fbAQLP

exports[`archiveTable renders correctly 1`] = `
<div
  style={
    Object {
      "height": "100%",
      "overflowX": "auto",
      "width": "100%",
    }
  }
>
  <AutoSizer
    disableHeight={false}
    disableWidth={false}
    onResize={[Function]}
    style={Object {}}
  />
</div>
`;
