// Jest Snapshot v1, https://goo.gl/fbAQLP

exports[`BlockWidgetFactory generates react widget 1`] = `
<BlockWidget
  classes={
    Object {
      "block": "BlockWidget-block-1",
      "blockContents": "BlockWidget-blockContents-3",
      "description": "BlockWidget-description-8",
      "iconContents": "BlockWidget-iconContents-7",
      "inputPortsContainer": "BlockWidget-inputPortsContainer-4",
      "outputPortsContainer": "BlockWidget-outputPortsContainer-5",
      "portContainer": "BlockWidget-portContainer-6",
      "title": "BlockWidget-title-2",
    }
  }
  node={Object {}}
/>
`;
