// Jest Snapshot v1, https://goo.gl/fbAQLP

exports[`BlockWidget block renders correctly 1`] = `
<WithStyles(Paper)
  className="BlockWidget-block-1"
  elevation={8}
  onClick={[Function]}
  onMouseDown={[Function]}
  onMouseUp={[Function]}
>
  <div
    className="BlockWidget-alarmDiv-11"
    style={
      Object {
        "zIndex": 999,
      }
    }
  >
    <div
      style={
        Object {
          "left": 1.856,
          "position": "absolute",
          "top": 0,
          "zIndex": 1000,
        }
      }
    >
      <WithTheme(AttributeAlarm) />
    </div>
    <div
      style={
        Object {
          "position": "absolute",
          "top": 0,
          "zIndex": 999,
        }
      }
    >
      <svg
        height="28"
        width="28"
      >
        <circle
          cx="13.856"
          cy="13.856"
          fill="#fff"
          fillOpacity={0.6}
          r="13.856"
        />
      </svg>
    </div>
  </div>
  <div
    style={
      Object {
        "display": "flex",
        "justifyContent": "center",
        "position": "relative",
        "top": 2,
      }
    }
  >
    <WithStyles(Typography)
      className="BlockWidget-title-3"
    >
      block 1
    </WithStyles(Typography)>
  </div>
  <div
    className="BlockWidget-blockContents-4"
    style={
      Object {
        "minHeight": 46,
      }
    }
  >
    <div
      className="BlockWidget-iconContents-8"
    >
      <svg
        height="100"
        key="0"
        width="100"
      >
        <circle
          cx="50"
          cy="50"
          fill="red"
          key="0"
          r="40"
          stroke="black"
          strokeWidth="3"
        />
      </svg>
    </div>
    <div
      className="BlockWidget-inputPortsContainer-5"
    >
      <Connect(WithStyles(BlockPortWidget))
        key="block1•in 1"
        nodeId="block1"
        portId="block1•in 1"
      />
    </div>
    <div
      className="BlockWidget-outputPortsContainer-6"
    >
      <Connect(WithStyles(BlockPortWidget))
        key="block1•out 1"
        nodeId="block1"
        portId="block1•out 1"
      />
      <Connect(WithStyles(BlockPortWidget))
        key="block1•out 2"
        nodeId="block1"
        portId="block1•out 2"
      />
    </div>
  </div>
  <WithStyles(Typography)
    className="BlockWidget-description-9"
  >
    block 1 description
  </WithStyles(Typography)>
</WithStyles(Paper)>
`;
