// Jest Snapshot v1, https://goo.gl/fbAQLP

exports[`AttributeSelector selects a checkbox correctly 1`] = `
<WithStyles(WidgetCheckbox)
  CheckState={true}
  checkEventHandler={[Function]}
/>
`;

exports[`AttributeSelector selects an LED correctly 1`] = `
<WithStyles(WidgetLED)
  LEDState={true}
  colorBorder="#7986cb"
  colorCenter="#7986cb"
/>
`;

exports[`AttributeSelector selects an textUpdate correctly 1`] = `
<WithStyles(WidgetTextUpdate)
  Text="1.23456"
/>
`;
