// Jest Snapshot v1, https://goo.gl/fbAQLP

exports[`DrawerContainer renders correctly 1`] = `
<div>
  <div>
    <WithStyles(Connect(NavBar)) />
    <div>
      Middle
    </div>
  </div>
  <WithStyles(Drawer)
    anchor="left"
    classes={
      Object {
        "paper": "DrawerContainer-drawer-1",
      }
    }
    open={true}
    variant="persistent"
  >
    <div
      className="DrawerContainer-drawerContents-2"
    >
      <DrawerHeader
        closeAction={[Function]}
        popOutAction={[Function]}
        title="Parent"
      />
      <div>
        Left
      </div>
    </div>
  </WithStyles(Drawer)>
  <WithStyles(Drawer)
    anchor="right"
    classes={
      Object {
        "paper": "DrawerContainer-drawer-1",
      }
    }
    open={true}
    variant="persistent"
  >
    <div
      className="DrawerContainer-drawerContents-2"
      style={
        Object {
          "position": "sticky",
          "top": 0,
        }
      }
    >
      <DrawerHeader
        closeAction={[Function]}
        popOutAction={[Function]}
        title="Child"
      />
      <div>
        Right
      </div>
    </div>
  </WithStyles(Drawer)>
</div>
`;
