// Jest Snapshot v1, https://goo.gl/fbAQLP

exports[`archiveTable renders correctly 1`] = `
<div
  style={
    Object {
      "height": "100%",
    }
  }
>
  <WithStyles(Table)
    className="WidgetTable-headerLayoutNoScroll-3"
  >
    <WithStyles(TableHead)>
      <WithStyles(TableRow)
        className="WidgetTable-rowFormat-6"
      >
        <WithStyles(TableCell)
          className="WidgetTable-textHeadings-8"
          key="0"
          padding="none"
        >
          Alarm state
        </WithStyles(TableCell)>
        <WithStyles(TableCell)
          className="WidgetTable-textHeadings-8"
          key="1"
          padding="none"
        >
          Time set
        </WithStyles(TableCell)>
        <WithStyles(TableCell)
          className="WidgetTable-textHeadings-8"
          key="2"
          padding="none"
        >
          Value
        </WithStyles(TableCell)>
      </WithStyles(TableRow)>
    </WithStyles(TableHead)>
  </WithStyles(Table)>
  <div
    className="WidgetTable-tableBody-5"
  >
    <WithStyles(Table)
      className="WidgetTable-tableLayout-4"
    >
      <WithStyles(TableBody)>
        <WithStyles(TableRow)
          className="WidgetTable-rowFormat-6"
          key="0"
          onClick={[Function]}
        >
          <WithStyles(TableCell)
            className="WidgetTable-textBody-10"
            key="0,0"
            padding="none"
          >
            <WithTheme(TableWidgetSelector)
              columnMeta={
                Object {
                  "label": "Alarm state",
                  "tags": Array [
                    "info:alarm",
                  ],
                }
              }
              columnWidgetTag="info:alarm"
              rowChangeHandler={[Function]}
              rowPath={
                Object {
                  "column": 0,
                  "label": "alarm",
                  "row": 0,
                }
              }
              setFlag={[Function]}
              value={0}
            />
          </WithStyles(TableCell)>
          <WithStyles(TableCell)
            className="WidgetTable-textBody-10"
            key="0,1"
            padding="none"
          >
            <WithTheme(TableWidgetSelector)
              columnMeta={
                Object {
                  "label": "Time set",
                  "tags": Array [
                    "widget:textupdate",
                  ],
                }
              }
              columnWidgetTag="widget:textupdate"
              rowChangeHandler={[Function]}
              rowPath={
                Object {
                  "column": 1,
                  "label": "timeStamp",
                  "row": 0,
                }
              }
              setFlag={[Function]}
              value="1970-01-01T00:00:01.000Z"
            />
          </WithStyles(TableCell)>
          <WithStyles(TableCell)
            className="WidgetTable-textBody-10"
            key="0,2"
            padding="none"
          >
            <WithTheme(TableWidgetSelector)
              columnMeta={
                Object {
                  "label": "Value",
                  "tags": Array [
                    "widget:textupdate",
                  ],
                }
              }
              columnWidgetTag="widget:textupdate"
              rowChangeHandler={[Function]}
              rowPath={
                Object {
                  "column": 2,
                  "label": "value",
                  "row": 0,
                }
              }
              setFlag={[Function]}
              value={1}
            />
          </WithStyles(TableCell)>
        </WithStyles(TableRow)>
        <WithStyles(TableRow)
          className="WidgetTable-rowFormat-6"
          key="1"
          onClick={[Function]}
        >
          <WithStyles(TableCell)
            className="WidgetTable-textBody-10"
            key="1,0"
            padding="none"
          >
            <WithTheme(TableWidgetSelector)
              columnMeta={
                Object {
                  "label": "Alarm state",
                  "tags": Array [
                    "info:alarm",
                  ],
                }
              }
              columnWidgetTag="info:alarm"
              rowChangeHandler={[Function]}
              rowPath={
                Object {
                  "column": 0,
                  "label": "alarm",
                  "row": 1,
                }
              }
              setFlag={[Function]}
              value={1}
            />
          </WithStyles(TableCell)>
          <WithStyles(TableCell)
            className="WidgetTable-textBody-10"
            key="1,1"
            padding="none"
          >
            <WithTheme(TableWidgetSelector)
              columnMeta={
                Object {
                  "label": "Time set",
                  "tags": Array [
                    "widget:textupdate",
                  ],
                }
              }
              columnWidgetTag="widget:textupdate"
              rowChangeHandler={[Function]}
              rowPath={
                Object {
                  "column": 1,
                  "label": "timeStamp",
                  "row": 1,
                }
              }
              setFlag={[Function]}
              value="1970-01-01T00:00:02.000Z"
            />
          </WithStyles(TableCell)>
          <WithStyles(TableCell)
            className="WidgetTable-textBody-10"
            key="1,2"
            padding="none"
          >
            <WithTheme(TableWidgetSelector)
              columnMeta={
                Object {
                  "label": "Value",
                  "tags": Array [
                    "widget:textupdate",
                  ],
                }
              }
              columnWidgetTag="widget:textupdate"
              rowChangeHandler={[Function]}
              rowPath={
                Object {
                  "column": 2,
                  "label": "value",
                  "row": 1,
                }
              }
              setFlag={[Function]}
              value={-1}
            />
          </WithStyles(TableCell)>
        </WithStyles(TableRow)>
        <WithStyles(TableRow)
          className="WidgetTable-rowFormat-6"
          key="2"
          onClick={[Function]}
        >
          <WithStyles(TableCell)
            className="WidgetTable-textBody-10"
            key="2,0"
            padding="none"
          >
            <WithTheme(TableWidgetSelector)
              columnMeta={
                Object {
                  "label": "Alarm state",
                  "tags": Array [
                    "info:alarm",
                  ],
                }
              }
              columnWidgetTag="info:alarm"
              rowChangeHandler={[Function]}
              rowPath={
                Object {
                  "column": 0,
                  "label": "alarm",
                  "row": 2,
                }
              }
              setFlag={[Function]}
              value={0}
            />
          </WithStyles(TableCell)>
          <WithStyles(TableCell)
            className="WidgetTable-textBody-10"
            key="2,1"
            padding="none"
          >
            <WithTheme(TableWidgetSelector)
              columnMeta={
                Object {
                  "label": "Time set",
                  "tags": Array [
                    "widget:textupdate",
                  ],
                }
              }
              columnWidgetTag="widget:textupdate"
              rowChangeHandler={[Function]}
              rowPath={
                Object {
                  "column": 1,
                  "label": "timeStamp",
                  "row": 2,
                }
              }
              setFlag={[Function]}
              value="1970-01-01T00:00:03.000Z"
            />
          </WithStyles(TableCell)>
          <WithStyles(TableCell)
            className="WidgetTable-textBody-10"
            key="2,2"
            padding="none"
          >
            <WithTheme(TableWidgetSelector)
              columnMeta={
                Object {
                  "label": "Value",
                  "tags": Array [
                    "widget:textupdate",
                  ],
                }
              }
              columnWidgetTag="widget:textupdate"
              rowChangeHandler={[Function]}
              rowPath={
                Object {
                  "column": 2,
                  "label": "value",
                  "row": 2,
                }
              }
              setFlag={[Function]}
              value={false}
            />
          </WithStyles(TableCell)>
        </WithStyles(TableRow)>
      </WithStyles(TableBody)>
    </WithStyles(Table)>
    <WithStyles(Table)>
      <WithStyles(TableFooter) />
    </WithStyles(Table)>
  </div>
  <WithStyles(Table)
    className="WidgetTable-footerLayout-2"
  >
    <WithStyles(TableFooter)>
      <WithStyles(TableRow)
        className="WidgetTable-rowFormat-6"
      />
    </WithStyles(TableFooter)>
  </WithStyles(Table)>
</div>
`;
