// Jest Snapshot v1, https://goo.gl/fbAQLP

exports[`WidgetComboBox renders correctly 1`] = `
<div
  className="WidgetComboBox-div-1"
>
  <WithStyles(FormControl)
    disabled={false}
  >
    <WithStyles(Select)
      native={true}
      onChange={[Function]}
      value="2"
    >
      <option
        value="1"
      >
        1
      </option>
      <option
        value="2"
      >
        2
      </option>
      <option
        value="3"
      >
        3
      </option>
    </WithStyles(Select)>
  </WithStyles(FormControl)>
</div>
`;
