// Jest Snapshot v1, https://goo.gl/fbAQLP

exports[`WidgetComboBox renders correctly 1`] = `
<WithStyles(FormControl)
  disabled={false}
  fullWidth={true}
>
  <WithStyles(Select)
    className="WidgetComboBox-formControl-2"
    native={true}
    onChange={[Function]}
    value="2"
  >
    <option
      key="0"
      value="1"
    >
      1
    </option>
    <option
      key="1"
      value="2"
    >
      2
    </option>
    <option
      key="2"
      value="3"
    >
      3
    </option>
  </WithStyles(Select)>
</WithStyles(FormControl)>
`;
