// Jest Snapshot v1, https://goo.gl/fbAQLP

exports[`Layout renders correctly 1`] = `
<DiagramWidget
  allowCanvasTranslation={true}
  allowCanvasZoom={true}
  allowLooseLinks={true}
  deleteKeys={
    Array [
      46,
      8,
    ]
  }
  diagramEngine={
    DiagramEngine {
      "calculateMatrixDimensions": [Function],
      "canvas": null,
      "canvasMatrix": Array [],
      "diagramModel": DiagramModel {
        "gridSize": 0,
        "id": "7",
        "links": Object {},
        "listeners": Object {},
        "locked": false,
        "nodes": Object {
          "8": BlockNodeModel {
            "addBlockPort": [Function],
            "addIcon": [Function],
            "description": "block 1 description",
            "extras": Object {},
            "icon": "<svg height=\\"100\\" width=\\"100\\"><circle cx=\\"50\\" cy=\\"50\\" r=\\"40\\" stroke=\\"black\\" stroke-width=\\"3\\" fill=\\"red\\" /></svg>",
            "id": "8",
            "label": "block 1",
            "listeners": Object {
              "15": Object {
                "entityRemoved": [Function],
              },
            },
            "locked": false,
            "ports": Object {
              "11": MalcolmPortModel {
                "id": "12",
                "in": false,
                "label": "out 1",
                "links": Object {},
                "listeners": Object {},
                "locked": false,
                "maximumLinks": undefined,
                "name": "11",
                "parent": [Circular],
                "selected": false,
                "type": "default",
              },
              "13": MalcolmPortModel {
                "id": "14",
                "in": false,
                "label": "out 2",
                "links": Object {},
                "listeners": Object {},
                "locked": false,
                "maximumLinks": undefined,
                "name": "13",
                "parent": [Circular],
                "selected": false,
                "type": "default",
              },
              "9": MalcolmPortModel {
                "id": "10",
                "in": true,
                "label": "in 1",
                "links": Object {},
                "listeners": Object {},
                "locked": false,
                "maximumLinks": undefined,
                "name": "9",
                "parent": [Circular],
                "selected": false,
                "type": "default",
              },
            },
            "selected": false,
            "type": "malcolmjsblock",
            "x": 100,
            "y": 200,
          },
        },
        "offsetX": 0,
        "offsetY": 0,
        "rendered": false,
        "zoom": 100,
      },
      "hAdjustmentFactor": 0,
      "id": "1",
      "labelFactories": Object {
        "default": DefaultLabelFactory {
          "type": "default",
        },
      },
      "linkFactories": Object {
        "default": DefaultLinkFactory {
          "type": "default",
        },
        "malcolmlink": MalcolmLinkFactory {
          "type": "malcolmlink",
        },
      },
      "linksThatHaveInitiallyRendered": Object {},
      "listeners": Object {},
      "locked": false,
      "markMatrixPoint": [Function],
      "markNodes": [Function],
      "markPorts": [Function],
      "nodeFactories": Object {
        "default": DefaultNodeFactory {
          "type": "default",
        },
        "malcolmjsblock": BlockNodeFactory {
          "type": "malcolmjsblock",
        },
      },
      "nodesRendered": false,
      "paintableWidgets": null,
      "portFactories": Object {
        "default": DefaultPortFactory {
          "type": "default",
        },
      },
      "routingMatrix": Array [],
      "vAdjustmentFactor": 0,
    }
  }
  inverseZoom={false}
  maxNumberPointsPerLink={Infinity}
  smartRouting={false}
/>
`;
