// Jest Snapshot v1, https://goo.gl/fbAQLP

exports[`Layout renders correctly 1`] = `
<div
  onDragOver={[Function]}
  onDrop={[Function]}
  style={
    Object {
      "display": "flex",
      "height": "100%",
      "position": "relative",
      "width": "100%",
    }
  }
>
  <DiagramWidget
    allowCanvasTranslation={true}
    allowCanvasZoom={true}
    allowLooseLinks={true}
    deleteKeys={
      Array [
        46,
        8,
      ]
    }
    diagramEngine={
      Object {
        "clickHandler": [Function],
        "mouseDownHandler": [Function],
        "portMouseDown": [Function],
        "selectedHandler": [Function],
        "testEngine": true,
      }
    }
    inverseZoom={false}
    maxNumberPointsPerLink={0}
    smartRouting={false}
  />
</div>
`;
