// Jest Snapshot v1, https://goo.gl/fbAQLP

exports[`MainMalcolmView renders correctly 1`] = `
<div>
  <Connect(WithStyles(DrawerContainer))
    childTitle=""
    parentTitle="Test main view"
    popOutAction={[Function]}
  >
    <WithStyles(BlockDetails)
      block={
        Object {
          "name": "Test main view",
        }
      }
    />
    <Connect(WithStyles(MiddlePanelContainer)) />
    <WithStyles(BlockDetails) />
  </Connect(WithStyles(DrawerContainer))>
</div>
`;
